start text='cltkfnm rfr ' fg=5400C6 expect=0
done: 24 events in 362.8 ms (delay 0 ms)
start text='cltkfnm rfr ltkf ' fg=25195A expect=0
done: 34 events in 1080.4 ms (delay 40 ms)
start text='cltfknm rfr ltkf ' fg=25195A expect=0
done: 34 events in 999.1 ms (delay 40 ms)
start text='ghdbtn rfr ltkf ghdbtn ' fg=25195A expect=0
done: 46 events in 1295.3 ms (delay 40 ms)
start text='ghbdtn {SLEEP:300}hello wjrld ' fg=25195A expect=0
done: 38 events in 1508.1 ms (delay 40 ms)
start text='cltkfnm rfr ' fg=411932 expect=0
done: 24 events in 349.7 ms (delay 0 ms)
start text='ult{ALTSHIFT} kt;fn ' fg=2418D2 expect=0
done: 20 events in 643.9 ms (delay 40 ms)
start text='cltkfnm rfr ltkf ' fg=90038E expect=0
done: 34 events in 1024.8 ms (delay 40 ms)
start text='cltfknm rfr ltkf ' fg=90038E expect=0
done: 34 events in 982.3 ms (delay 40 ms)
start text='ghdbtn rfr ltkf ghdbtn ' fg=90038E expect=0
done: 46 events in 1266.9 ms (delay 40 ms)
start text='ghbdtn {SLEEP:300}hello wjrld ' fg=90038E expect=0
done: 38 events in 1446.3 ms (delay 40 ms)
start text='cltkfnm rfr ' fg=351740 expect=0
done: 24 events in 351.2 ms (delay 0 ms)
start text='ult{ALTSHIFT} kt;fn ' fg=451932 expect=0
done: 20 events in 647.3 ms (delay 40 ms)
start text='cltkfnm rfr ltkf ' fg=5C00F4 expect=0
done: 34 events in 963.7 ms (delay 40 ms)
start text='cltfknm rfr ltkf ' fg=5C00F4 expect=0
done: 34 events in 984.6 ms (delay 40 ms)
start text='ghdbtn rfr ltkf ghdbtn ' fg=5C00F4 expect=0
done: 46 events in 1261.3 ms (delay 40 ms)
start text='ghbdtn {SLEEP:300}hello wjrld ' fg=5C00F4 expect=0
done: 38 events in 1455.2 ms (delay 40 ms)
start text='ult{ALTSHIFT} kt;fn ' fg=5C00F4 expect=0
done: 20 events in 535.2 ms (delay 40 ms)
start text='cltkfnm rfr ' fg=5C00F4 expect=0
done: 24 events in 261.8 ms (delay 0 ms)
start text='cltkfnm rfr ltkf ' fg=381740 expect=0
done: 34 events in 943.0 ms (delay 40 ms)
start text='cltfknm rfr ltkf ' fg=381740 expect=0
done: 34 events in 1011.1 ms (delay 40 ms)
start text='ghdbtn rfr ltkf ghdbtn ' fg=381740 expect=0
done: 46 events in 1227.1 ms (delay 40 ms)
start text='ghbdtn {SLEEP:300}hello wjrld ' fg=381740 expect=0
done: 38 events in 1458.3 ms (delay 40 ms)
start text='ult{ALTSHIFT} kt;fn ' fg=381740 expect=0
done: 20 events in 550.5 ms (delay 40 ms)
start text='cltkfnm rfr ' fg=381740 expect=0
done: 24 events in 318.6 ms (delay 0 ms)
start text='cltkfnm rfr ltkf ' fg=2F1928 expect=0
done: 34 events in 998.0 ms (delay 40 ms)
start text='cltfknm rfr ltkf ' fg=2F1928 expect=0
done: 34 events in 1005.9 ms (delay 40 ms)
start text='ghdbtn rfr ltkf ghdbtn ' fg=2F1928 expect=0
done: 46 events in 1217.3 ms (delay 40 ms)
start text='ghbdtn {SLEEP:300}hello wjrld ' fg=2F1928 expect=0
done: 38 events in 1431.1 ms (delay 40 ms)
start text='{ALTSHIFT}ghbdtn {ALTSHIFT}ult{ALTSHIFT} kt;fn ' fg=2F1928 expect=0
done: 34 events in 1026.1 ms (delay 40 ms)
start text='cltkfnm rfr ' fg=2F1928 expect=0
done: 24 events in 258.2 ms (delay 0 ms)
start text='cltkfnm rfr ltkf ' fg=B19E0 expect=0
done: 34 events in 938.6 ms (delay 40 ms)
start text='cltfknm rfr ltkf ' fg=B19E0 expect=0
done: 34 events in 986.6 ms (delay 40 ms)
start text='ghdbtn rfr ltkf ghdbtn ' fg=B19E0 expect=0
done: 46 events in 1218.1 ms (delay 40 ms)
start text='ghbdtn {SLEEP:300}hello wjrld ' fg=B19E0 expect=0
done: 38 events in 1418.0 ms (delay 40 ms)
start text='{ALTSHIFT}ghbdtn {ALTSHIFT}ult{ALTSHIFT} kt;fn ' fg=B19E0 expect=0
done: 34 events in 999.9 ms (delay 40 ms)
start text='cltkfnm rfr ' fg=B19E0 expect=0
done: 24 events in 245.4 ms (delay 0 ms)
start text='ghbdtn {SLEEP:300}hello wjrld ' fg=3C18D6 expect=0
done: 38 events in 1512.9 ms (delay 40 ms)
start text='ghbdtn {SLEEP:300}hello wjrld ' fg=7198E expect=0
done: 38 events in 1486.9 ms (delay 40 ms)
start text='ghbdtn {SLEEP:300}hello wjrld ' fg=719AA expect=0
done: 38 events in 1472.1 ms (delay 40 ms)
